{
  "user": {
    "id": "00000000-0000-0000-0000-000000000000",
    "fullName": "Чайковский Петр Ильич",
    "faculty": "Факультет писателей",
    "studyGroup": "Чтец боец",
    "email": "culturolog@mail.ru",
    "score": 100
  },
  "award":  {
    "id": "00000000-0000-0000-0000-000000000000",
    "name": "Какая-то не очень награда",
    "cost": 23
  },
  "accepted": true
}