{
  "id": "00000000-0000-0000-0000-000000000000",
  "fullName": "Фамилия Имя Отчество",
  "faculty": "Факультет обновленных",
  "studyGroup": "Загружил",
  "email": "upload@mail.ru",
  "score": 777,
  "awards": []
}