{
  "award": [
    {
      "award_id": "regex:.+",
      "name": "Название награды",
      "cost": 100
    }
  ]
}