{
  "custom_user": [
    {
      "user_id": "00000000-0000-0000-0000-000000000000",
      "full_name": "Фамилия Имя Отчество",
      "faculty": "Факультет обновленных",
      "study_group": "Загружил",
      "email": "upload@mail.ru",
      "score": 777,
      "password": "password",
      "role": "USER"
    }
  ]
}